// Jest Snapshot v1, https://goo.gl/fbAQLP

exports[`<Character /> return() renders the Character component 1`] = `
<div
  className="h-100 card mb-4 box-shadow"
>
  <Link
    replace={false}
    to="/1011334"
  >
    <img
      alt=""
      className="card-img-top"
      src="http://i.annihil.us/u/prod/marvel/i/mg/c/e0/535fecbbb9784/landscape_large.jpg"
    />
  </Link>
  <div
    className="card-body"
  >
    <h5
      className="card-title"
    >
      3-D Man
    </h5>
    <p
      className="card-text text-danger"
    />
  </div>
  <div
    className="card-footer text-muted"
  >
    <div
      className="d-flex justify-content-between align-items-center"
    >
      <div
        className="btn-group"
      >
        <Link
          className="text-dark"
          replace={false}
          to="/1011334"
        >
          <i
            className="fas fa-search fa-lg align-bottom"
          />
        </Link>
        <FavButton
          characterId={1011334}
          isFav={false}
          onFavClicked={[MockFunction]}
        />
      </div>
    </div>
  </div>
</div>
`;
