// Jest Snapshot v1, https://goo.gl/fbAQLP

exports[`<FavButton /> return() renders the FavButton component 1`] = `
<button
  className="btn btn-sm fa-button"
  onClick={[Function]}
  type="button"
>
  <i
    className="far fa-star text-warning fa-lg"
  />
</button>
`;
